ษออออออออออออหอออออออออออหอออออออออออหออออออออออหอออออออออหอออออป
บ1          บ51    3    บ101   e    บ151   —   บ201   ษ  บ251 ๛บ
บ2          บ52    4    บ102   f    บ152      บ202   ส  บ252 üบ
บ3          บ53    5    บ103   g    บ153      บ203   ห  บ253 ýบ
บ4          บ54    6    บ104   h    บ154      บ204   ฬ  บ254 þบ
บ5          บ55    7    บ105   i    บ155      บ205   อ  ฬอออออผ
บ6          บ56    8    บ106   j    บ156      บ206   ฮ  บ
บ7          บ57    9    บ107   k    บ157      บ207   ฯ  บ
บ8          บ58    :    บ108   l    บ158      บ208   ะ  บ
บ9           บ59    ;    บ109   m    บ159      บ209   ั  บ
บ10          บ60    <    บ110   n    บ160       บ210   า  บ
บ11         บ61    =    บ111   o    บ161   ก   บ211   ำ  บ
บ12         บ62    >    บ112   p    บ162   ข   บ212   ิ  บ
บ13          บ63    ?    บ113   q    บ163   ฃ   บ213   ี  บ
บ14         บ64    @    บ114   r    บ164   ค   บ214   ึ  บ
บ15         บ65    A    บ115   s    บ165   ฅ   บ215   ื  บ
บ16         บ66    B    บ116   t    บ166   ฆ   บ216   ุ  บ
บ17         บ67    C    บ117   u    บ167   ง   บ217   ู  บ
บ18         บ68    D    บ118   v    บ168   จ   บ218   ฺ  บ
บ19         บ69    E    บ119   w    บ169   ฉ   บ219   Û  บ
บ20         บ70    F    บ120   x    บ170   ช   บ220   Ü  บ
บ21         บ71    G    บ121   y    บ171   ซ   บ221   Ý  บ
บ22         บ72    H    บ122   z    บ172   ฌ   บ222   Þ  บ
บ23         บ73    I    บ123   {    บ173   ญ   บ223   ฿  บ
บ24          บ74    J    บ124   |    บ174   ฎ   บ224   เ  บ
บ25         บ75    K    บ125   }    บ175   ฏ   บ225   แ  บ
บ26          บ76    L    บ126   ~    บ176   ฐ   บ226   โ  บ
บ27          บ77    M    บ127       บ177   ฑ   บ227   ใ  บ
บ28         บ78    N    บ128   €    บ178   ฒ   บ228   ไ  บ
บ29         บ79    O    บ129       บ179   ณ   บ229   ๅ  บ
บ30         บ80    P    บ130       บ180   ด   บ230   ๆ  บ
บ31         บ81    Q    บ131       บ181   ต   บ231   ็  บ
บ32          บ82    R    บ132       บ182   ถ   บ232   ่  บ
บ33    !     บ83    S    บ133   …    บ183   ท   บ233   ้  บ
บ34    "     บ84    T    บ134       บ184   ธ   บ234   ๊  บ
บ35    #     บ85    U    บ135       บ185   น   บ235   ๋  บ
บ36    $     บ86    V    บ136       บ186   บ   บ236   ์  บ
บ37    %     บ87    W    บ137       บ187   ป   บ237   ํ  บ
บ38    &     บ88    X    บ138       บ188   ผ   บ238   ๎  บ
บ39    '     บ89    Y    บ139       บ189   ฝ   บ239   ๏  บ
บ40    (     บ90    Z    บ140       บ190   พ   บ240   ๐  บ
บ41    )     บ91    [    บ141       บ191   ฟ   บ241   ๑  บ
บ42    *     บ92    \    บ142       บ192   ภ   บ242   ๒  บ
บ43    +     บ93    ]    บ143       บ193   ม   บ243   ๓  บ
บ44    ,     บ94    ^    บ144       บ194   ย   บ244   ๔  บ
บ45    -     บ95    _    บ145   ‘    บ195   ร   บ245   ๕  บ
บ46    .     บ96    `    บ146   ’    บ196   ฤ   บ246   ๖  บ
บ47    /     บ97    a    บ147   “    บ197   ล   บ247   ๗  บ
บ48    0     บ98    b    บ148   ”    บ198   ฦ   บ248   ๘  บ
บ49    1     บ99    c    บ149   •    บ199   ว   บ249   ๙  บ
บ50    2     บ100   d    บ150   –    บ200   ศ   บ250   ๚  บ
ศออออออออออออสอออออออออออสอออออออออออสออออออออออสอออออออออผ
















