[255D[0mOK, anyone who wants to see Deater dressed up in a white robe in front
of 500 people, come see me get confirmed.  Come and see who I am! I am
Vincent Weaver.  Most people I know are having a lavish party and are
getting lots of presents.  I am going out to eat with my family. Wow.
So come on out.  Like you really will.  It is at the 11:00am church
service at Trinity Lutheran Church in Joppa.  Right off the corner of
Marylnad 7 and Maryland 152.

[10Cณ1   ^ bel air
[10Cณ5   |
   I-95   ณ2
ออออออออออุอออออออออ
[10Cณ   /the church
   Route 7ณ  Û
ฤฤฤฤฤฤฤฤฤฤลฤฤฤฤฤฤฤฤฤ[5C->aberdeen
[10Cณ
  US 40   ณ
ออออออออออุออออออออ
[10Cณ[5C| joppatowne
[15C\|/
Actually, don't come.  Forget I said it.
[32mDไล็


[0m[255D