[40m[2J[0;36mллллллллллллллллллллллллллллллллллллллллллллллллллллллллллллллллллллллллллллллл
ллллллллллллллллллллллллллллллллллллллллллллллллллллллллллллллллллллллллллллллл
ллллллллллллллллллллллллллл[31;46mкПкПкФ ТкФ ТкФ[36;40mлл[31;46mТ ТкПкФП[36;40mлллллллллллллллллллллллллллл
ллллллллллллллллллллллллллл[31;46mУйУДГ  ГУФ ГГ   ГТГУДУТй[36;40mлллллллллллллллллллллллллллл
ллллллллллллллллллллллллллл[31;46mГ ГГРФ СГ  СРФ  РСйГГГРП[36;40mлллллллллллллллллллллллллллл
ллллллллллллллллллллллллллллллллллллллллллллллллллллллллллллллллллллллллллллллл
лллллллллллллллллллллллллллллллллл[1;33;46mby:[0;31;46mV[1;33m[32mќ[0;34;46m[35mф[1;34mЅ[31mХ[0;36mллллллллллллллллллллллллллллллллллл
ллллллллллллллллллллллллллллллллллллллллллллллллллллллллллллллллллллллллллллллл
ллллллллллллллллллллллллллллллллллллллллллллллллллллллллллллллллллллллллллллллл
ллллллллллллллллллллллллллллллллллллл[1;30;46mлл Х   Г[0;36mлллллллллллллллллллллллллллллллллл
ллллллллллллллллллллллллллллллллллллл[1;30;46mлл Г  лл[0;36mлллллллллллллллллллллллллллллллллл
лллллллллллллллллллллллллллллллл[1;30;46mллллллллл  лл[0;36mлллллллллллллллллллллллллллллллллл
лллллллллллллллллллл[1;30;46mФФмм  ФФмм  лллллллллллллллл  ммФФ[0;36mллллллллллллллллллллллллл
ллллллллллллл[1;30;46mлллллллллллллллллллллллллллллллллллллллллллллллллллллл[0;36mлллллллллллл
лллллллллллллл[1;30;46mлллллллллллллллллллллллллллллллллллллллллллллллллллл[0;36mллллллллллллл
[34mллллллллллллллллллллллллллллллллллллллллллллллллллллллллллллллллллллллллллллллл
ллллллллллллллллллллллллллллллллллллллллллллллллллллллллллллллллллллллллллллллл
ллллллллллллллллллллллллллллллллллллллллллллллллллллллллллллллллллллллллллллллл
ллллллллллллллллллллллллллллллллллллллллллллллллллллллллллллллллллллллллллллллл
ллллллллллллллллллллллллллллллллллллллллллллллллллллллллллллллллллллллллллллллл
ллллллллллллллллллллллллллллллллллллллллллллллллллллллллллллллллллллллллллллллл
ллллллллллллллллллллллллллллллллллллллллллллллллллллллллллллллллллллллллллллллл
ллллллллллллллллллллллллллллллллллллллллллллллллллллллллллллллллллллллллллллллл

[37m1[30;47mLIST [2C[37;40m2[30;47mRUN [D[3C[37;40m3[30;47mLOAD"[2C[37;40m4[30;47mCHDIR"[1C[37;40m5[30;47mCONT [D[2C[37;40m6[30;47mFILES [D[1C[37;40m7[30;47mCLS [D[3C[37;40m8[30;47mPRINT[2C[37;40m9[30;47mKEY [3C[37;40m0[30;47mSCREEN[0m[255D