[40m[2J[0;1mUTOPIA[CBBS[17;13H410-557-0868[2CDeater[CSent[Cyou...[CRight?[1;1H          [2;1HUTOPIA BBS  [12D          [3;1H[0mUTOPIA BBS  [12D          [4;1HUTOPIA BBS  [12D          [5;1H[1;30mUTOPIA BBS[10D          [6;1HUTOPIA BBS[10D          [7;1H[0mUTOPIA BBS  [12D          [8;1HUTOPIA BBS  [12D          [9;1H[1mUTOPIA BBS  [12D          [10;1HUTOPIA BBS[10D          [11;1HUTOPIA BBS  [12D          [12;1HUTOPIA BBS  [12D          [13;1HUTOPIA BBS [11D          [14;1HUTOPIA BBS [11D          [15;1HUTOPIA BBS [11D          [16;1HUTOPIA BBS [11D          [17;1HUTOPIA BBS[0m