[255D[0mActually.. to anyone taht cares... I make most of my ansis and Macros while
waiting for the Board to stop being busy.. you know how boring that can be..
 [32mD‰é≈êÁ

[31m€≤±∞[1m€≤±∞[33m€≤±∞[32m€≤±∞[0;32m€≤±∞[34m€≤±∞[1m€≤±∞[0;35m€≤±∞∞±≤€[1;34m∞±≤€[0;34m∞±≤€[32m∞±≤€[1m∞±≤€[33m∞±≤€[31m∞±≤€[0;31m∞±≤€
hmm.. Would you like som music?
Deater is cool  [s[D[u[5C [s[D[u     [s[D[u
Raistlin is not  [s[D[u[5C [s[D[u     [s[D[u
This is a stupid post   [s[D[u[5C [s[D[u    [s[D[u
I want the board to not be busy  [s[D[u [s[D[u [s[D[u [s[D[u777 [s[D[u [s[D[u [s[D[u77














[0m[255D